OpenBSD 7.0-current (GENERIC.MP) #87: Sat Oct 23 01:50:32 MDT 2021
    deraadt@riscv64.openbsd.org:/usr/src/sys/arch/riscv64/compile/GENERIC.MP
real mem  = 17179869184 (16384MB)
avail mem = 16416272384 (15655MB)
random: good seed from bootblocks
mainbus0 at root: SiFive HiFive Unmatched A00
cpu0 at mainbus0: SiFive U7 imp 20181004 rv64imafdc
intc0 at cpu0
cpu0: 32KB 64b/line 128-way L1 I-cache, 32KB 64b/line 64-way L1 D-cache
cpu0: 2048KB 64b/line 2048-way L2 cache
cpu1 at mainbus0: SiFive U7 imp 20181004 rv64imafdc
cpu1: 32KB 64b/line 128-way L1 I-cache, 32KB 64b/line 64-way L1 D-cache
cpu1: 2048KB 64b/line 2048-way L2 cache
cpu2 at mainbus0: SiFive U7 imp 20181004 rv64imafdc
cpu2: 32KB 64b/line 128-way L1 I-cache, 32KB 64b/line 64-way L1 D-cache
cpu2: 2048KB 64b/line 2048-way L2 cache
cpu3 at mainbus0: SiFive U7 imp 20181004 rv64imafdc
cpu3: 32KB 64b/line 128-way L1 I-cache, 32KB 64b/line 64-way L1 D-cache
cpu3: 2048KB 64b/line 2048-way L2 cache
"fit-images" at mainbus0 not configured
simplebus0 at mainbus0: "soc"
plic0 at simplebus0
sfclock0 at simplebus0
sfuart0 at simplebus0: console
sfuart1 at simplebus0
ociic0 at simplebus0
iic0 at ociic0
titmp0 at iic0 addr 0x4c
dapmic0 at iic0 addr 0x58
"spi" at simplebus0 not configured
"spi" at simplebus0 not configured
cad0 at simplebus0: rev 0x10070109, address 70:b3:d5:92:f8:ad
ukphy0 at cad0 phy 0: Generic IEEE 802.3u media interface, rev. 2: OUI 0x0001c1, model 0x0037
"pwm" at simplebus0 not configured
"pwm" at simplebus0 not configured
"cache-controller" at simplebus0 not configured
"gpio" at simplebus0 not configured
dwpcie0 at simplebus0
"clint" at simplebus0 not configured
"dmc" at simplebus0 not configured
pci0 at dwpcie0
ppb0 at pci0 dev 0 function 0 "SiFive PCIe" rev 0x00
pci1 at ppb0 bus 1
ppb1 at pci1 dev 0 function 0 "ASMedia ASM2824" rev 0x01
pci2 at ppb1 bus 2
ppb2 at pci2 dev 0 function 0 "ASMedia ASM2824" rev 0x01: intx
pci3 at ppb2 bus 3
ppb3 at pci2 dev 2 function 0 "ASMedia ASM2824" rev 0x01: intx
pci4 at ppb3 bus 4
xhci0 at pci4 dev 0 function 0 "ASMedia ASM1042A xHCI" rev 0x00: intx, xHCI 1.0
usb0 at xhci0: USB revision 3.0
uhub0 at usb0 configuration 1 interface 0 "ASMedia xHCI root hub" rev 3.00/1.00 addr 1
ppb4 at pci2 dev 3 function 0 "ASMedia ASM2824" rev 0x01: intx
pci5 at ppb4 bus 5
ppb5 at pci2 dev 4 function 0 "ASMedia ASM2824" rev 0x01: intx
pci6 at ppb5 bus 6
nvme0 at pci6 dev 0 function 0 "SanDisk WD Black NVMe" rev 0x00: intx, NVMe 1.3
nvme0: PC SN730 NVMe WDC 512GB, firmware 11121012, serial 20425D809370
scsibus0 at nvme0: 2 targets, initiator 0
sd0 at scsibus0 targ 1 lun 0: <NVMe, PC SN730 NVMe WD, 1112>
sd0: 488386MB, 512 bytes/sector, 1000215216 sectors
ppb6 at pci2 dev 8 function 0 "ASMedia ASM2824" rev 0x01: intx
pci7 at ppb6 bus 7
radeondrm0 at pci7 dev 0 function 0 "ATI Pitcairn" rev 0x00
drm0 at radeondrm0
radeondrm0: intx
"ATI Radeon HD 7700 Audio" rev 0x00 at pci7 dev 0 function 1 not configured
"hfclk" at mainbus0 not configured
"rtcclk" at mainbus0 not configured
"gpio-poweroff" at mainbus0 not configured
"binman" at mainbus0 not configured
uhub1 at uhub0 port 2 configuration 1 interface 0 "ASMedia AS2107" rev 3.00/0.01 addr 2
athn0 at uhub0 port 3 configuration 1 interface 0 "ATHEROS UB93" rev 2.00/1.08 addr 3
uhub2 at uhub0 port 4 configuration 1 interface 0 "ASMedia AS2107" rev 2.10/0.01 addr 4
uhidev0 at uhub2 port 1 configuration 1 interface 0 "vendor 0x0d3d USBPS2" rev 1.10/0.01 addr 5
uhidev0: iclass 3/1
ukbd0 at uhidev0: 8 variable keys, 6 key codes
wskbd0 at ukbd0 mux 1
uhidev1 at uhub2 port 1 configuration 1 interface 1 "vendor 0x0d3d USBPS2" rev 1.10/0.01 addr 5
uhidev1: iclass 3/1, 3 report ids
ums0 at uhidev1 reportid 1: 5 buttons, Z dir
wsmouse0 at ums0 mux 0
uhid at uhidev1 reportid 2 not configured
uhid at uhidev1 reportid 3 not configured
uhidev2 at uhub2 port 3 configuration 1 interface 0 "Logitech USB Receiver" rev 2.00/24.11 addr 6
uhidev2: iclass 3/1
ukbd1 at uhidev2: 8 variable keys, 6 key codes
wskbd1 at ukbd1 mux 1
uhidev3 at uhub2 port 3 configuration 1 interface 1 "Logitech USB Receiver" rev 2.00/24.11 addr 6
uhidev3: iclass 3/1, 8 report ids
ums1 at uhidev3 reportid 2: 16 buttons, Z and W dir
wsmouse1 at ums1 mux 0
uhid at uhidev3 reportid 3 not configured
uhid at uhidev3 reportid 4 not configured
uhid at uhidev3 reportid 8 not configured
uhidev4 at uhub2 port 3 configuration 1 interface 2 "Logitech USB Receiver" rev 2.00/24.11 addr 6
uhidev4: iclass 3/0, 33 report ids
uhid at uhidev4 reportid 16 not configured
uhid at uhidev4 reportid 17 not configured
uhid at uhidev4 reportid 32 not configured
uhid at uhidev4 reportid 33 not configured
vscsi0 at root
scsibus1 at vscsi0: 256 targets
softraid0 at root
scsibus2 at softraid0: 256 targets
root on sd0a (d7e23bcbce07921f.a) swap on sd0b dump on sd0b
radeondrm0: PITCAIRN
radeondrm0: 3840x2160, 32bpp
wsdisplay0 at radeondrm0 mux 1
wskbd0: connecting to wsdisplay0
wskbd1: connecting to wsdisplay0
wsdisplay0: screen 0-5 added (std, vt100 emulation)
athn0: AR9271 rev 1 (1T1R), ROM rev 15, address 48:5d:60:2a:5e:55
